// Jest Snapshot v1, https://goo.gl/fbAQLP

exports[`StartScreen should render without issues 1`] = `
<View
  style={
    Object {
      "flex": 1,
    }
  }
>
  <ImageBackground
    resizeMode="cover"
    source={null}
    style={
      Object {
        "flex": 1,
        "justifyContent": "center",
      }
    }
  />
  <View
    style={
      Object {
        "alignItems": "center",
        "backgroundColor": "rgba(0,0,0,0.7)",
        "bottom": 0,
        "left": 0,
        "position": "absolute",
        "right": 0,
        "top": 0,
      }
    }
  >
    <View
      style={
        Object {
          "alignItems": "center",
          "bottom": 0,
          "left": 0,
          "position": "absolute",
          "right": 0,
          "top": 40,
        }
      }
    >
      <Text
        style={
          Object {
            "color": "white",
            "fontFamily": "sans-serif-thin",
            "fontSize": 80,
            "fontWeight": "100",
          }
        }
      >
        Welcome!
      </Text>
      <Text
        style={
          Object {
            "color": "white",
            "fontSize": 20,
            "paddingBottom": 400.2,
          }
        }
      >
        Start viewing commit history now.
      </Text>
      <ForwardRef
        onPress={[Function]}
        style={
          Object {
            "alignSelf": "center",
            "backgroundColor": "#483766",
            "borderRadius": 10,
            "marginTop": 20,
            "padding": 20,
            "width": 300,
          }
        }
      >
        <Text
          style={
            Object {
              "color": "white",
              "textAlign": "center",
            }
          }
        >
          Search Specific Repository
        </Text>
      </ForwardRef>
    </View>
  </View>
</View>
`;
